RAM Allocation [bytes]
Variable                                                                          Address   Size
------------------------------------------------------------------------------------------------
modoCero                                                                          0x00E0       7
modoUno                                                                           0x00E7      35
modoCuatro                                                                        0x010A      50

EEPROM Allocation [bytes]
Variable                                                                          Address   Size
------------------------------------------------------------------------------------------------

Register Allocation
Variable                                                                          Register  Size
------------------------------------------------------------------------------------------------
modo                                                                              R5           1
columnas                                                                          R4           1
filas                                                                             R7           1
indice                                                                            R6           1
numero                                                                            R9           1
repetir                                                                           R8           1
renglon                                                                           R11          1
cambio_caso                                                                       R10          1
puede_cambiar                                                                     R2.0      1bit

FLASH Allocation [words]
Function                                                                          Address   Size
------------------------------------------------------------------------------------------------
cambiar_modo                                                                      0x00085     15
main                                                                              0x00094    193
